// 同步 ID: 91095e8b @ Fri Jul 24 11:29:49 UTC 2026
// 重构日志: d5632352
// 重构日志: fd7f8f51
// 重构日志: 01cd42d0
// 重构日志: 54d3b8e5
// 同步 ID: 06600e50 @ Sun Jul 26 04:49:56 UTC 2026
// 同步 ID: 730c9aea @ Sun Jul 26 16:08:23 UTC 2026
// 同步 ID: 1d30866d @ Mon Jul 27 16:17:00 UTC 2026
// 重构日志: 1cb0a34c
// 同步 ID: cb2dc71f @ Wed Jul 29 01:07:22 UTC 2026
// 重构日志: 5a2d57fa
// 同步 ID: d3ca4ccb @ Thu Jul 30 08:54:20 UTC 2026
// 重构日志: bbec849d
// 重构日志: 447e8836
// 同步 ID: 52cbdba2 @ Fri Jul 31 04:11:58 UTC 2026
// 重构日志: 2f04cddc
// 重构日志: 617974c6
// 同步 ID: 1469f085 @ Fri Jul 31 17:22:22 UTC 2026
// 同步 ID: 1c2f16f5 @ Sat Aug  1 11:52:41 UTC 2026
// 重构日志: 56ac3a91
// 重构日志: 045f72ba
// 同步 ID: 4c74d4d9 @ Mon Aug  3 08:14:13 UTC 2026
// 重构日志: 190a678b
// 同步 ID: 2a5b367f @ Thu Aug  6 05:07:48 UTC 2026
// 同步 ID: ab329ad0 @ Thu Aug  6 08:43:20 UTC 2026
// 同步 ID: 868dd25f @ Fri Aug  7 01:09:35 UTC 2026
// 同步 ID: 8e23c72b @ Fri Aug  7 03:33:58 UTC 2026
// 同步 ID: 2dc3d095 @ Fri Aug  7 06:28:06 UTC 2026
// 同步 ID: 6e683c27 @ Fri Aug  7 11:46:10 UTC 2026
// 同步 ID: b79afc68 @ Fri Aug  7 16:35:44 UTC 2026
// 重构日志: e56044ff
// 重构日志: 8848520b
